Archive member included to satisfy reference by file (symbol)

c:/program files (x86)/atollic/truestudio for stm32 9.3.0/armtools/bin/../lib/gcc/arm-atollic-eabi/6.3.1/../../../../arm-atollic-eabi/lib/armv6-m\libc_nano.a(lib_a-init.o)
                              startup\startup_stm32f031x6.o (__libc_init_array)
c:/program files (x86)/atollic/truestudio for stm32 9.3.0/armtools/bin/../lib/gcc/arm-atollic-eabi/6.3.1/../../../../arm-atollic-eabi/lib/armv6-m\libc_nano.a(lib_a-memcpy-stub.o)
                              Drivers\STM32F0xx_HAL_Driver\Src\stm32f0xx_hal_rcc.o (memcpy)
c:/program files (x86)/atollic/truestudio for stm32 9.3.0/armtools/bin/../lib/gcc/arm-atollic-eabi/6.3.1/../../../../arm-atollic-eabi/lib/armv6-m\libc_nano.a(lib_a-memset.o)
                              Src\gpio.o (memset)
c:/program files (x86)/atollic/truestudio for stm32 9.3.0/armtools/bin/../lib/gcc/arm-atollic-eabi/6.3.1/../../../../arm-atollic-eabi/lib/armv6-m\libc_nano.a(lib_a-sprintf.o)
                              Src\lcd.o (sprintf)
c:/program files (x86)/atollic/truestudio for stm32 9.3.0/armtools/bin/../lib/gcc/arm-atollic-eabi/6.3.1/../../../../arm-atollic-eabi/lib/armv6-m\libc_nano.a(lib_a-strcpy.o)
                              Src\ihm.o (strcpy)
c:/program files (x86)/atollic/truestudio for stm32 9.3.0/armtools/bin/../lib/gcc/arm-atollic-eabi/6.3.1/../../../../arm-atollic-eabi/lib/armv6-m\libc_nano.a(lib_a-impure.o)
                              c:/program files (x86)/atollic/truestudio for stm32 9.3.0/armtools/bin/../lib/gcc/arm-atollic-eabi/6.3.1/../../../../arm-atollic-eabi/lib/armv6-m\libc_nano.a(lib_a-sprintf.o) (_impure_ptr)
c:/program files (x86)/atollic/truestudio for stm32 9.3.0/armtools/bin/../lib/gcc/arm-atollic-eabi/6.3.1/../../../../arm-atollic-eabi/lib/armv6-m\libc_nano.a(lib_a-nano-svfprintf.o)
                              c:/program files (x86)/atollic/truestudio for stm32 9.3.0/armtools/bin/../lib/gcc/arm-atollic-eabi/6.3.1/../../../../arm-atollic-eabi/lib/armv6-m\libc_nano.a(lib_a-sprintf.o) (_svfprintf_r)
c:/program files (x86)/atollic/truestudio for stm32 9.3.0/armtools/bin/../lib/gcc/arm-atollic-eabi/6.3.1/../../../../arm-atollic-eabi/lib/armv6-m\libc_nano.a(lib_a-nano-vfprintf_i.o)
                              c:/program files (x86)/atollic/truestudio for stm32 9.3.0/armtools/bin/../lib/gcc/arm-atollic-eabi/6.3.1/../../../../arm-atollic-eabi/lib/armv6-m\libc_nano.a(lib_a-nano-svfprintf.o) (_printf_i)
c:/program files (x86)/atollic/truestudio for stm32 9.3.0/armtools/bin/../lib/gcc/arm-atollic-eabi/6.3.1/../../../../arm-atollic-eabi/lib/armv6-m\libc_nano.a(lib_a-memchr-stub.o)
                              c:/program files (x86)/atollic/truestudio for stm32 9.3.0/armtools/bin/../lib/gcc/arm-atollic-eabi/6.3.1/../../../../arm-atollic-eabi/lib/armv6-m\libc_nano.a(lib_a-nano-svfprintf.o) (memchr)
c:/program files (x86)/atollic/truestudio for stm32 9.3.0/armtools/bin/../lib/gcc/arm-atollic-eabi/6.3.1/../../../../arm-atollic-eabi/lib/armv6-m\libc_nano.a(lib_a-memmove.o)
                              c:/program files (x86)/atollic/truestudio for stm32 9.3.0/armtools/bin/../lib/gcc/arm-atollic-eabi/6.3.1/../../../../arm-atollic-eabi/lib/armv6-m\libc_nano.a(lib_a-nano-svfprintf.o) (memmove)
c:/program files (x86)/atollic/truestudio for stm32 9.3.0/armtools/bin/../lib/gcc/arm-atollic-eabi/6.3.1/../../../../arm-atollic-eabi/lib/armv6-m\libc_nano.a(lib_a-nano-freer.o)
                              c:/program files (x86)/atollic/truestudio for stm32 9.3.0/armtools/bin/../lib/gcc/arm-atollic-eabi/6.3.1/../../../../arm-atollic-eabi/lib/armv6-m\libc_nano.a(lib_a-nano-svfprintf.o) (_free_r)
c:/program files (x86)/atollic/truestudio for stm32 9.3.0/armtools/bin/../lib/gcc/arm-atollic-eabi/6.3.1/../../../../arm-atollic-eabi/lib/armv6-m\libc_nano.a(lib_a-nano-mallocr.o)
                              c:/program files (x86)/atollic/truestudio for stm32 9.3.0/armtools/bin/../lib/gcc/arm-atollic-eabi/6.3.1/../../../../arm-atollic-eabi/lib/armv6-m\libc_nano.a(lib_a-nano-svfprintf.o) (_malloc_r)
c:/program files (x86)/atollic/truestudio for stm32 9.3.0/armtools/bin/../lib/gcc/arm-atollic-eabi/6.3.1/../../../../arm-atollic-eabi/lib/armv6-m\libc_nano.a(lib_a-nano-reallocr.o)
                              c:/program files (x86)/atollic/truestudio for stm32 9.3.0/armtools/bin/../lib/gcc/arm-atollic-eabi/6.3.1/../../../../arm-atollic-eabi/lib/armv6-m\libc_nano.a(lib_a-nano-svfprintf.o) (_realloc_r)
c:/program files (x86)/atollic/truestudio for stm32 9.3.0/armtools/bin/../lib/gcc/arm-atollic-eabi/6.3.1/../../../../arm-atollic-eabi/lib/armv6-m\libc_nano.a(lib_a-sbrkr.o)
                              c:/program files (x86)/atollic/truestudio for stm32 9.3.0/armtools/bin/../lib/gcc/arm-atollic-eabi/6.3.1/../../../../arm-atollic-eabi/lib/armv6-m\libc_nano.a(lib_a-nano-mallocr.o) (_sbrk_r)
[...]
Memory Configuration

Name             Origin             Length             Attributes
RAM              0x20000000         0x00001000         xrw
FLASH            0x08000000         0x00008000         xr
*default*        0x00000000         0xffffffff

Linker script and memory map

LOAD c:/program files (x86)/atollic/truestudio for stm32 9.3.0/armtools/bin/../lib/gcc/arm-atollic-eabi/6.3.1/armv6-m/crti.o
LOAD c:/program files (x86)/atollic/truestudio for stm32 9.3.0/armtools/bin/../lib/gcc/arm-atollic-eabi/6.3.1/armv6-m/crtbegin.o
LOAD Drivers\STM32F0xx_HAL_Driver\Src\stm32f0xx_hal.o
LOAD Drivers\STM32F0xx_HAL_Driver\Src\stm32f0xx_hal_cortex.o
LOAD Drivers\STM32F0xx_HAL_Driver\Src\stm32f0xx_hal_dma.o
LOAD Drivers\STM32F0xx_HAL_Driver\Src\stm32f0xx_hal_exti.o
LOAD Drivers\STM32F0xx_HAL_Driver\Src\stm32f0xx_hal_flash.o
LOAD Drivers\STM32F0xx_HAL_Driver\Src\stm32f0xx_hal_flash_ex.o
LOAD Drivers\STM32F0xx_HAL_Driver\Src\stm32f0xx_hal_gpio.o
LOAD Drivers\STM32F0xx_HAL_Driver\Src\stm32f0xx_hal_i2c.o
LOAD Drivers\STM32F0xx_HAL_Driver\Src\stm32f0xx_hal_i2c_ex.o
LOAD Drivers\STM32F0xx_HAL_Driver\Src\stm32f0xx_hal_pwr.o
LOAD Drivers\STM32F0xx_HAL_Driver\Src\stm32f0xx_hal_pwr_ex.o
LOAD Drivers\STM32F0xx_HAL_Driver\Src\stm32f0xx_hal_rcc.o
LOAD Drivers\STM32F0xx_HAL_Driver\Src\stm32f0xx_hal_rcc_ex.o
LOAD Drivers\STM32F0xx_HAL_Driver\Src\stm32f0xx_hal_tim.o
LOAD Drivers\STM32F0xx_HAL_Driver\Src\stm32f0xx_hal_tim_ex.o
LOAD Drivers\STM32F0xx_HAL_Driver\Src\stm32f0xx_hal_uart.o
LOAD Drivers\STM32F0xx_HAL_Driver\Src\stm32f0xx_hal_uart_ex.o
LOAD Src\dma.o
LOAD Src\gpio.o
LOAD Src\i2c.o
LOAD Src\ihm.o
LOAD Src\lcd.o
LOAD Src\main.o
LOAD Src\motor.o
LOAD Src\photo.o
LOAD Src\stm32f0xx_hal_msp.o
LOAD Src\stm32f0xx_it.o
LOAD Src\system_stm32f0xx.o
LOAD Src\tim.o
LOAD Src\timer.o
LOAD Src\usart.o
LOAD startup\startup_stm32f031x6.o
                0x00000080                malloc_getpagesize_P = 0x80
START GROUP
LOAD c:/program files (x86)/atollic/truestudio for stm32 9.3.0/armtools/bin/../lib/gcc/arm-atollic-eabi/6.3.1/../../../../arm-atollic-eabi/lib/armv6-m\libc_nano.a
LOAD c:/program files (x86)/atollic/truestudio for stm32 9.3.0/armtools/bin/../lib/gcc/arm-atollic-eabi/6.3.1/../../../../arm-atollic-eabi/lib/armv6-m\libm.a
END GROUP
START GROUP
LOAD c:/program files (x86)/atollic/truestudio for stm32 9.3.0/armtools/bin/../lib/gcc/arm-atollic-eabi/6.3.1/armv6-m\libgcc.a
LOAD c:/program files (x86)/atollic/truestudio for stm32 9.3.0/armtools/bin/../lib/gcc/arm-atollic-eabi/6.3.1/../../../../arm-atollic-eabi/lib/armv6-m\libc_nano.a
END GROUP
START GROUP
LOAD c:/program files (x86)/atollic/truestudio for stm32 9.3.0/armtools/bin/../lib/gcc/arm-atollic-eabi/6.3.1/armv6-m\libgcc.a
LOAD c:/program files (x86)/atollic/truestudio for stm32 9.3.0/armtools/bin/../lib/gcc/arm-atollic-eabi/6.3.1/../../../../arm-atollic-eabi/lib/armv6-m\libc_nano.a
LOAD c:/program files (x86)/atollic/truestudio for stm32 9.3.0/armtools/bin/../lib/gcc/arm-atollic-eabi/6.3.1/../../../../arm-atollic-eabi/lib/armv6-m\libnosys.a
END GROUP
START GROUP
LOAD c:/program files (x86)/atollic/truestudio for stm32 9.3.0/armtools/bin/../lib/gcc/arm-atollic-eabi/6.3.1/armv6-m\libgcc.a
LOAD c:/program files (x86)/atollic/truestudio for stm32 9.3.0/armtools/bin/../lib/gcc/arm-atollic-eabi/6.3.1/../../../../arm-atollic-eabi/lib/armv6-m\libc_nano.a
LOAD c:/program files (x86)/atollic/truestudio for stm32 9.3.0/armtools/bin/../lib/gcc/arm-atollic-eabi/6.3.1/../../../../arm-atollic-eabi/lib/armv6-m\libnosys.a
END GROUP
LOAD c:/program files (x86)/atollic/truestudio for stm32 9.3.0/armtools/bin/../lib/gcc/arm-atollic-eabi/6.3.1/armv6-m/crtend.o
LOAD c:/program files (x86)/atollic/truestudio for stm32 9.3.0/armtools/bin/../lib/gcc/arm-atollic-eabi/6.3.1/armv6-m/crtn.o
                0x20001000                _estack = 0x20001000
                0x00000200                _Min_Heap_Size = 0x200
                0x00000400                _Min_Stack_Size = 0x400

.isr_vector     0x08000000       0xc0
                0x08000000                . = ALIGN (0x4)
 *(.isr_vector)
 .isr_vector    0x08000000       0xc0 startup\startup_stm32f031x6.o
                0x08000000                g_pfnVectors
                0x080000c0                . = ALIGN (0x4)

.text           0x080000c0     0x3444
                0x080000c0                . = ALIGN (0x4)
 *(.text)
 .text          0x080000c0       0x48 c:/program files (x86)/atollic/truestudio for stm32 9.3.0/armtools/bin/../lib/gcc/arm-atollic-eabi/6.3.1/armv6-m/crtbegin.o
 .text          0x08000108       0x14 c:/program files (x86)/atollic/truestudio for stm32 9.3.0/armtools/bin/../lib/gcc/arm-atollic-eabi/6.3.1/armv6-m\libgcc.a(_thumb1_case_uqi.o)
                0x08000108                __gnu_thumb1_case_uqi
 .text          0x0800011c      0x114 c:/program files (x86)/atollic/truestudio for stm32 9.3.0/armtools/bin/../lib/gcc/arm-atollic-eabi/6.3.1/armv6-m\libgcc.a(_udivsi3.o)
                0x0800011c                __aeabi_uidiv
                0x0800011c                __udivsi3
                0x08000228                __aeabi_uidivmod
 .text          0x08000230      0x1d4 c:/program files (x86)/atollic/truestudio for stm32 9.3.0/armtools/bin/../lib/gcc/arm-atollic-eabi/6.3.1/armv6-m\libgcc.a(_divsi3.o)
                0x08000230                __divsi3
                0x08000230                __aeabi_idiv
                0x080003fc                __aeabi_idivmod
 .text          0x08000404        0x4 c:/program files (x86)/atollic/truestudio for stm32 9.3.0/armtools/bin/../lib/gcc/arm-atollic-eabi/6.3.1/armv6-m\libgcc.a(_dvmd_tls.o)
                0x08000404                __aeabi_idiv0
                0x08000404                __aeabi_ldiv0
 *(.text*)
 .text.HAL_InitTick
                0x08000408       0x48 Drivers\STM32F0xx_HAL_Driver\Src\stm32f0xx_hal.o
                0x08000408                HAL_InitTick
 .text.HAL_Init
                0x08000450       0x20 Drivers\STM32F0xx_HAL_Driver\Src\stm32f0xx_hal.o
                0x08000450                HAL_Init
 .text.HAL_IncTick
                0x08000470       0x18 Drivers\STM32F0xx_HAL_Driver\Src\stm32f0xx_hal.o
                0x08000470                HAL_IncTick
 .text.HAL_GetTick
                0x08000488        0xc Drivers\STM32F0xx_HAL_Driver\Src\stm32f0xx_hal.o
                0x08000488                HAL_GetTick
 .text.HAL_Delay
                0x08000494       0x24 Drivers\STM32F0xx_HAL_Driver\Src\stm32f0xx_hal.o
                0x08000494                HAL_Delay
 .text.HAL_NVIC_SetPriority
                0x080004b8       0x60 Drivers\STM32F0xx_HAL_Driver\Src\stm32f0xx_hal_cortex.o
                0x080004b8                HAL_NVIC_SetPriority
 .text.HAL_NVIC_EnableIRQ
                0x08000518       0x18 Drivers\STM32F0xx_HAL_Driver\Src\stm32f0xx_hal_cortex.o
                0x08000518                HAL_NVIC_EnableIRQ
 .text.HAL_SYSTICK_Config
                0x08000530       0x34 Drivers\STM32F0xx_HAL_Driver\Src\stm32f0xx_hal_cortex.o
                0x08000530                HAL_SYSTICK_Config
 .text.HAL_GPIO_Init
                0x08000564      0x154 Drivers\STM32F0xx_HAL_Driver\Src\stm32f0xx_hal_gpio.o
                0x08000564                HAL_GPIO_Init
 .text.HAL_GPIO_WritePin
                0x080006b8        0xc Drivers\STM32F0xx_HAL_Driver\Src\stm32f0xx_hal_gpio.o
                0x080006b8                HAL_GPIO_WritePin
 .text.I2C_Flush_TXDR
                0x080006c4       0x1c Drivers\STM32F0xx_HAL_Driver\Src\stm32f0xx_hal_i2c.o
 .text.I2C_TransferConfig
                0x080006e0       0x2c Drivers\STM32F0xx_HAL_Driver\Src\stm32f0xx_hal_i2c.o
 .text.I2C_WaitOnFlagUntilTimeout
                0x0800070c       0x50 Drivers\STM32F0xx_HAL_Driver\Src\stm32f0xx_hal_i2c.o
 .text.I2C_IsAcknowledgeFailed
                0x0800075c       0x7c Drivers\STM32F0xx_HAL_Driver\Src\stm32f0xx_hal_i2c.o
 .text.I2C_WaitOnTXISFlagUntilTimeout
                0x080007d8       0x54 Drivers\STM32F0xx_HAL_Driver\Src\stm32f0xx_hal_i2c.o
 .text.I2C_WaitOnSTOPFlagUntilTimeout
                0x0800082c       0x50 Drivers\STM32F0xx_HAL_Driver\Src\stm32f0xx_hal_i2c.o
 .text.HAL_I2C_Init
                0x0800087c       0xac Drivers\STM32F0xx_HAL_Driver\Src\stm32f0xx_hal_i2c.o
                0x0800087c                HAL_I2C_Init
 .text.HAL_I2C_Master_Transmit
                0x08000928      0x12c Drivers\STM32F0xx_HAL_Driver\Src\stm32f0xx_hal_i2c.o
                0x08000928                HAL_I2C_Master_Transmit
 .text.HAL_I2C_IsDeviceReady
                0x08000a54      0x124 Drivers\STM32F0xx_HAL_Driver\Src\stm32f0xx_hal_i2c.o
                0x08000a54                HAL_I2C_IsDeviceReady
 .text.HAL_I2CEx_ConfigAnalogFilter
                0x08000b78       0x4c Drivers\STM32F0xx_HAL_Driver\Src\stm32f0xx_hal_i2c_ex.o
                0x08000b78                HAL_I2CEx_ConfigAnalogFilter
 .text.HAL_I2CEx_ConfigDigitalFilter
                0x08000bc4       0x48 Drivers\STM32F0xx_HAL_Driver\Src\stm32f0xx_hal_i2c_ex.o
                0x08000bc4                HAL_I2CEx_ConfigDigitalFilter
 .text.HAL_RCC_OscConfig
                0x08000c0c      0x404 Drivers\STM32F0xx_HAL_Driver\Src\stm32f0xx_hal_rcc.o
                0x08000c0c                HAL_RCC_OscConfig
 .text.HAL_RCC_GetSysClockFreq
                0x08001010       0x64 Drivers\STM32F0xx_HAL_Driver\Src\stm32f0xx_hal_rcc.o
                0x08001010                HAL_RCC_GetSysClockFreq
 .text.HAL_RCC_ClockConfig
                0x08001074      0x108 Drivers\STM32F0xx_HAL_Driver\Src\stm32f0xx_hal_rcc.o
                0x08001074                HAL_RCC_ClockConfig
 .text.HAL_RCC_GetPCLK1Freq
                0x0800117c       0x20 Drivers\STM32F0xx_HAL_Driver\Src\stm32f0xx_hal_rcc.o
                0x0800117c                HAL_RCC_GetPCLK1Freq
 .text.HAL_RCCEx_PeriphCLKConfig
                0x0800119c      0x108 Drivers\STM32F0xx_HAL_Driver\Src\stm32f0xx_hal_rcc_ex.o
                0x0800119c                HAL_RCCEx_PeriphCLKConfig
 .text.HAL_TIM_Base_Start_IT
                0x080012a4       0x1e Drivers\STM32F0xx_HAL_Driver\Src\stm32f0xx_hal_tim.o
                0x080012a4                HAL_TIM_Base_Start_IT
 .text.HAL_TIM_PeriodElapsedCallback
                0x080012c2        0x2 Drivers\STM32F0xx_HAL_Driver\Src\stm32f0xx_hal_tim.o
                0x080012c2                HAL_TIM_PeriodElapsedCallback
 .text.HAL_TIM_OC_DelayElapsedCallback
                0x080012c4        0x2 Drivers\STM32F0xx_HAL_Driver\Src\stm32f0xx_hal_tim.o
                0x080012c4                HAL_TIM_OC_DelayElapsedCallback
 .text.HAL_TIM_IC_CaptureCallback
                0x080012c6        0x2 Drivers\STM32F0xx_HAL_Driver\Src\stm32f0xx_hal_tim.o
                0x080012c6                HAL_TIM_IC_CaptureCallback
 .text.HAL_TIM_PWM_PulseFinishedCallback
                0x080012c8        0x2 Drivers\STM32F0xx_HAL_Driver\Src\stm32f0xx_hal_tim.o
                0x080012c8                HAL_TIM_PWM_PulseFinishedCallback
 .text.HAL_TIM_TriggerCallback
                0x080012ca        0x2 Drivers\STM32F0xx_HAL_Driver\Src\stm32f0xx_hal_tim.o
                0x080012ca                HAL_TIM_TriggerCallback
 .text.HAL_TIM_IRQHandler
                0x080012cc      0x148 Drivers\STM32F0xx_HAL_Driver\Src\stm32f0xx_hal_tim.o
                0x080012cc                HAL_TIM_IRQHandler
 .text.TIM_Base_SetConfig
                0x08001414       0x90 Drivers\STM32F0xx_HAL_Driver\Src\stm32f0xx_hal_tim.o
                0x08001414                TIM_Base_SetConfig
 .text.HAL_TIM_Base_Init
                0x080014a4       0x36 Drivers\STM32F0xx_HAL_Driver\Src\stm32f0xx_hal_tim.o
                0x080014a4                HAL_TIM_Base_Init
 *fill*         0x080014da        0x2 
 .text.TIM_ETR_SetConfig
                0x080014dc       0x18 Drivers\STM32F0xx_HAL_Driver\Src\stm32f0xx_hal_tim.o
                0x080014dc                TIM_ETR_SetConfig
 .text.HAL_TIM_ConfigClockSource
                0x080014f4      0x12c Drivers\STM32F0xx_HAL_Driver\Src\stm32f0xx_hal_tim.o
                0x080014f4                HAL_TIM_ConfigClockSource
 .text.HAL_TIMEx_MasterConfigSynchronization
                0x08001620       0x5c Drivers\STM32F0xx_HAL_Driver\Src\stm32f0xx_hal_tim_ex.o
                0x08001620                HAL_TIMEx_MasterConfigSynchronization
 .text.HAL_TIMEx_CommutCallback
                0x0800167c        0x2 Drivers\STM32F0xx_HAL_Driver\Src\stm32f0xx_hal_tim_ex.o
                0x0800167c                HAL_TIMEx_CommutCallback
 .text.HAL_TIMEx_BreakCallback
                0x0800167e        0x2 Drivers\STM32F0xx_HAL_Driver\Src\stm32f0xx_hal_tim_ex.o
                0x0800167e                HAL_TIMEx_BreakCallback
 .text.UART_SetConfig
                0x08001680      0x130 Drivers\STM32F0xx_HAL_Driver\Src\stm32f0xx_hal_uart.o
                0x08001680                UART_SetConfig
 .text.UART_AdvFeatureConfig
                0x080017b0       0xd0 Drivers\STM32F0xx_HAL_Driver\Src\stm32f0xx_hal_uart.o
                0x080017b0                UART_AdvFeatureConfig
 .text.UART_WaitOnFlagUntilTimeout
                0x08001880       0x90 Drivers\STM32F0xx_HAL_Driver\Src\stm32f0xx_hal_uart.o
                0x08001880                UART_WaitOnFlagUntilTimeout
 .text.HAL_UART_Transmit
                0x08001910       0xd2 Drivers\STM32F0xx_HAL_Driver\Src\stm32f0xx_hal_uart.o
                0x08001910                HAL_UART_Transmit
 *fill*         0x080019e2        0x2 
 .text.HAL_UART_Receive
                0x080019e4       0xf4 Drivers\STM32F0xx_HAL_Driver\Src\stm32f0xx_hal_uart.o
                0x080019e4                HAL_UART_Receive
 .text.UART_CheckIdleState
                0x08001ad8       0x60 Drivers\STM32F0xx_HAL_Driver\Src\stm32f0xx_hal_uart.o
                0x08001ad8                UART_CheckIdleState
 .text.HAL_UART_Init
                0x08001b38       0x64 Drivers\STM32F0xx_HAL_Driver\Src\stm32f0xx_hal_uart.o
                0x08001b38                HAL_UART_Init
 .text.MX_GPIO_Init
                0x08001b9c       0x98 Src\gpio.o
                0x08001b9c                MX_GPIO_Init
 .text.MX_I2C1_Init
                0x08001c34       0x5c Src\i2c.o
                0x08001c34                MX_I2C1_Init
 .text.HAL_I2C_MspInit
                0x08001c90       0x6c Src\i2c.o
                0x08001c90                HAL_I2C_MspInit
 .text.IHM_BEGIN
                0x08001cfc      0x22c Src\ihm.o
                0x08001cfc                IHM_BEGIN
 .text.IHM_MAIN
                0x08001f28      0x198 Src\ihm.o
                0x08001f28                IHM_MAIN
 .text.lcd_init
                0x080020c0      0x154 Src\lcd.o
                0x080020c0                lcd_init
 .text.lcd_print
                0x08002214       0x30 Src\lcd.o
                0x08002214                lcd_print
 .text.lcd_locate
                0x08002244       0x26 Src\lcd.o
                0x08002244                lcd_locate
 *fill*         0x0800226a        0x2 
 .text.lcd_clear
                0x0800226c       0x2c Src\lcd.o
                0x0800226c                lcd_clear
 .text.lcd_avancement
                0x08002298      0x1a8 Src\lcd.o
                0x08002298                lcd_avancement
 .text.lcd_ihm  0x08002440       0x88 Src\lcd.o
                0x08002440                lcd_ihm
 .text.init_screen
                0x080024c8       0x30 Src\lcd.o
                0x080024c8                init_screen
 .text.SystemClock_Config
                0x080024f8       0x5a Src\main.o
                0x080024f8                SystemClock_Config
 *fill*         0x08002552        0x2 
 .text.startup.main
                0x08002554      0x194 Src\main.o
                0x08002554                main
 .text.Error_Handler
                0x080026e8        0x2 Src\main.o
                0x080026e8                Error_Handler
 *fill*         0x080026ea        0x2 
 .text.tourne   0x080026ec      0x1d4 Src\motor.o
                0x080026ec                tourne
 .text.photo_canon
                0x080028c0       0x74 Src\photo.o
                0x080028c0                photo_canon
 .text.photo_nikon
                0x08002934       0xd0 Src\photo.o
                0x08002934                photo_nikon
 .text.HAL_MspInit
                0x08002a04       0x30 Src\stm32f0xx_hal_msp.o
                0x08002a04                HAL_MspInit
 .text.NMI_Handler
                0x08002a34        0x2 Src\stm32f0xx_it.o
                0x08002a34                NMI_Handler
 .text.HardFault_Handler
                0x08002a36        0x2 Src\stm32f0xx_it.o
                0x08002a36                HardFault_Handler
 .text.SVC_Handler
                0x08002a38        0x2 Src\stm32f0xx_it.o
                0x08002a38                SVC_Handler
 .text.PendSV_Handler
                0x08002a3a        0x2 Src\stm32f0xx_it.o
                0x08002a3a                PendSV_Handler
 .text.SysTick_Handler
                0x08002a3c        0x8 Src\stm32f0xx_it.o
                0x08002a3c                SysTick_Handler
 .text.TIM3_IRQHandler
                0x08002a44       0x10 Src\stm32f0xx_it.o
                0x08002a44                TIM3_IRQHandler
 .text.USART1_IRQHandler
                0x08002a54        0x2 Src\stm32f0xx_it.o
                0x08002a54                USART1_IRQHandler
 .text.SystemInit
                0x08002a56        0x2 Src\system_stm32f0xx.o
                0x08002a56                SystemInit
 .text.MX_TIM3_Init
                0x08002a58       0x78 Src\tim.o
                0x08002a58                MX_TIM3_Init
 .text.HAL_TIM_Base_MspInit
                0x08002ad0       0x38 Src\tim.o
                0x08002ad0                HAL_TIM_Base_MspInit
 .text.delay_us
                0x08002b08       0x14 Src\timer.o
                0x08002b08                delay_us
 .text.MX_USART1_UART_Init
                0x08002b1c       0x38 Src\usart.o
                0x08002b1c                MX_USART1_UART_Init
 .text.HAL_UART_MspInit
                0x08002b54       0x78 Src\usart.o
                0x08002b54                HAL_UART_MspInit
 .text.Reset_Handler
                0x08002bcc       0x50 startup\startup_stm32f031x6.o
                0x08002bcc                Reset_Handler
 .text.Default_Handler
                0x08002c1c        0x2 startup\startup_stm32f031x6.o
                0x08002c1c                TIM1_CC_IRQHandler
                0x08002c1c                PVD_IRQHandler
                0x08002c1c                I2C1_IRQHandler
                0x08002c1c                SPI1_IRQHandler
                0x08002c1c                EXTI2_3_IRQHandler
                0x08002c1c                ADC1_IRQHandler
                0x08002c1c                TIM17_IRQHandler
                0x08002c1c                RTC_IRQHandler
                0x08002c1c                TIM16_IRQHandler
                0x08002c1c                EXTI4_15_IRQHandler
                0x08002c1c                RCC_IRQHandler
                0x08002c1c                DMA1_Channel1_IRQHandler
                0x08002c1c                Default_Handler
                0x08002c1c                TIM14_IRQHandler
                0x08002c1c                DMA1_Channel4_5_IRQHandler
                0x08002c1c                EXTI0_1_IRQHandler
                0x08002c1c                WWDG_IRQHandler
                0x08002c1c                TIM2_IRQHandler
                0x08002c1c                DMA1_Channel2_3_IRQHandler
                0x08002c1c                FLASH_IRQHandler
                0x08002c1c                TIM1_BRK_UP_TRG_COM_IRQHandler
 *fill*         0x08002c1e        0x2 
 .text.__libc_init_array
                0x08002c20       0x48 c:/program files (x86)/atollic/truestudio for stm32 9.3.0/armtools/bin/../lib/gcc/arm-atollic-eabi/6.3.1/../../../../arm-atollic-eabi/lib/armv6-m\libc_nano.a(lib_a-init.o)
                0x08002c20                __libc_init_array
 .text.memcpy   0x08002c68       0x12 c:/program files (x86)/atollic/truestudio for stm32 9.3.0/armtools/bin/../lib/gcc/arm-atollic-eabi/6.3.1/../../../../arm-atollic-eabi/lib/armv6-m\libc_nano.a(lib_a-memcpy-stub.o)
                0x08002c68                memcpy
 .text.memset   0x08002c7a       0x10 c:/program files (x86)/atollic/truestudio for stm32 9.3.0/armtools/bin/../lib/gcc/arm-atollic-eabi/6.3.1/../../../../arm-atollic-eabi/lib/armv6-m\libc_nano.a(lib_a-memset.o)
                0x08002c7a                memset
 *fill*         0x08002c8a        0x2 
 .text.sprintf  0x08002c8c       0x44 c:/program files (x86)/atollic/truestudio for stm32 9.3.0/armtools/bin/../lib/gcc/arm-atollic-eabi/6.3.1/../../../../arm-atollic-eabi/lib/armv6-m\libc_nano.a(lib_a-sprintf.o)
                0x08002c8c                siprintf
                0x08002c8c                sprintf
 .text.strcpy   0x08002cd0       0x10 c:/program files (x86)/atollic/truestudio for stm32 9.3.0/armtools/bin/../lib/gcc/arm-atollic-eabi/6.3.1/../../../../arm-atollic-eabi/lib/armv6-m\libc_nano.a(lib_a-strcpy.o)
                0x08002cd0                strcpy
 .text.__ssputs_r
                0x08002ce0       0xc4 c:/program files (x86)/atollic/truestudio for stm32 9.3.0/armtools/bin/../lib/gcc/arm-atollic-eabi/6.3.1/../../../../arm-atollic-eabi/lib/armv6-m\libc_nano.a(lib_a-nano-svfprintf.o)
                0x08002ce0                __ssputs_r
 .text._svfprintf_r
                0x08002da4      0x208 c:/program files (x86)/atollic/truestudio for stm32 9.3.0/armtools/bin/../lib/gcc/arm-atollic-eabi/6.3.1/../../../../arm-atollic-eabi/lib/armv6-m\libc_nano.a(lib_a-nano-svfprintf.o)
                0x08002da4                _svfiprintf_r
                0x08002da4                _svfprintf_r
 .text._printf_common
                0x08002fac       0xda c:/program files (x86)/atollic/truestudio for stm32 9.3.0/armtools/bin/../lib/gcc/arm-atollic-eabi/6.3.1/../../../../arm-atollic-eabi/lib/armv6-m\libc_nano.a(lib_a-nano-vfprintf_i.o)
                0x08002fac                _printf_common
 *fill*         0x08003086        0x2 
 .text._printf_i
                0x08003088      0x234 c:/program files (x86)/atollic/truestudio for stm32 9.3.0/armtools/bin/../lib/gcc/arm-atollic-eabi/6.3.1/../../../../arm-atollic-eabi/lib/armv6-m\libc_nano.a(lib_a-nano-vfprintf_i.o)
                0x08003088                _printf_i
 .text.memchr   0x080032bc       0x16 c:/program files (x86)/atollic/truestudio for stm32 9.3.0/armtools/bin/../lib/gcc/arm-atollic-eabi/6.3.1/../../../../arm-atollic-eabi/lib/armv6-m\libc_nano.a(lib_a-memchr-stub.o)
                0x080032bc                memchr
 .text.memmove  0x080032d2       0x24 c:/program files (x86)/atollic/truestudio for stm32 9.3.0/armtools/bin/../lib/gcc/arm-atollic-eabi/6.3.1/../../../../arm-atollic-eabi/lib/armv6-m\libc_nano.a(lib_a-memmove.o)
                0x080032d2                memmove
 *fill*         0x080032f6        0x2 
 .text._free_r  0x080032f8       0x94 c:/program files (x86)/atollic/truestudio for stm32 9.3.0/armtools/bin/../lib/gcc/arm-atollic-eabi/6.3.1/../../../../arm-atollic-eabi/lib/armv6-m\libc_nano.a(lib_a-nano-freer.o)
                0x080032f8                _free_r
 .text._malloc_r
                0x0800338c       0xbc c:/program files (x86)/atollic/truestudio for stm32 9.3.0/armtools/bin/../lib/gcc/arm-atollic-eabi/6.3.1/../../../../arm-atollic-eabi/lib/armv6-m\libc_nano.a(lib_a-nano-mallocr.o)
                0x0800338c                _malloc_r
 .text._realloc_r
                0x08003448       0x4c c:/program files (x86)/atollic/truestudio for stm32 9.3.0/armtools/bin/../lib/gcc/arm-atollic-eabi/6.3.1/../../../../arm-atollic-eabi/lib/armv6-m\libc_nano.a(lib_a-nano-reallocr.o)
                0x08003448                _realloc_r
 .text._sbrk_r  0x08003494       0x24 c:/program files (x86)/atollic/truestudio for stm32 9.3.0/armtools/bin/../lib/gcc/arm-atollic-eabi/6.3.1/../../../../arm-atollic-eabi/lib/armv6-m\libc_nano.a(lib_a-sbrkr.o)
                0x08003494                _sbrk_r
 .text.__malloc_lock
                0x080034b8        0x2 c:/program files (x86)/atollic/truestudio for stm32 9.3.0/armtools/bin/../lib/gcc/arm-atollic-eabi/6.3.1/../../../../arm-atollic-eabi/lib/armv6-m\libc_nano.a(lib_a-mlock.o)
                0x080034b8                __malloc_lock
 .text.__malloc_unlock
                0x080034ba        0x2 c:/program files (x86)/atollic/truestudio for stm32 9.3.0/armtools/bin/../lib/gcc/arm-atollic-eabi/6.3.1/../../../../arm-atollic-eabi/lib/armv6-m\libc_nano.a(lib_a-mlock.o)
                0x080034ba                __malloc_unlock
 .text._malloc_usable_size_r
                0x080034bc       0x10 c:/program files (x86)/atollic/truestudio for stm32 9.3.0/armtools/bin/../lib/gcc/arm-atollic-eabi/6.3.1/../../../../arm-atollic-eabi/lib/armv6-m\libc_nano.a(lib_a-nano-msizer.o)
                0x080034bc                _malloc_usable_size_r
 .text._sbrk    0x080034cc       0x20 c:/program files (x86)/atollic/truestudio for stm32 9.3.0/armtools/bin/../lib/gcc/arm-atollic-eabi/6.3.1/../../../../arm-atollic-eabi/lib/armv6-m\libnosys.a(sbrk.o)
                0x080034cc                _sbrk
 *(.glue_7)
 .glue_7        0x080034ec        0x0 linker stubs
 *(.glue_7t)
 .glue_7t       0x080034ec        0x0 linker stubs
 *(.eh_frame)
 .eh_frame      0x080034ec        0x0 c:/program files (x86)/atollic/truestudio for stm32 9.3.0/armtools/bin/../lib/gcc/arm-atollic-eabi/6.3.1/armv6-m/crtbegin.o
 *(.init)
 .init          0x080034ec        0x4 c:/program files (x86)/atollic/truestudio for stm32 9.3.0/armtools/bin/../lib/gcc/arm-atollic-eabi/6.3.1/armv6-m/crti.o
                0x080034ec                _init
 .init          0x080034f0        0x8 c:/program files (x86)/atollic/truestudio for stm32 9.3.0/armtools/bin/../lib/gcc/arm-atollic-eabi/6.3.1/armv6-m/crtn.o
 *(.fini)
 .fini          0x080034f8        0x4 c:/program files (x86)/atollic/truestudio for stm32 9.3.0/armtools/bin/../lib/gcc/arm-atollic-eabi/6.3.1/armv6-m/crti.o
                0x080034f8                _fini
 .fini          0x080034fc        0x8 c:/program files (x86)/atollic/truestudio for stm32 9.3.0/armtools/bin/../lib/gcc/arm-atollic-eabi/6.3.1/armv6-m/crtn.o
                0x08003504                . = ALIGN (0x4)
                0x08003504                _etext = .

.vfp11_veneer   0x08003504        0x0
 .vfp11_veneer  0x08003504        0x0 linker stubs

.v4_bx          0x08003504        0x0
 .v4_bx         0x08003504        0x0 linker stubs

.iplt           0x08003504        0x0
 .iplt          0x08003504        0x0 c:/program files (x86)/atollic/truestudio for stm32 9.3.0/armtools/bin/../lib/gcc/arm-atollic-eabi/6.3.1/armv6-m/crtbegin.o

.rodata         0x08003504      0x630
                0x08003504                . = ALIGN (0x4)
 *(.rodata)
 .rodata        0x08003504       0x20 Drivers\STM32F0xx_HAL_Driver\Src\stm32f0xx_hal_rcc.o
 *(.rodata*)
 .rodata.CSWTCH.58
                0x08003524        0x4 Drivers\STM32F0xx_HAL_Driver\Src\stm32f0xx_hal_uart.o
 .rodata.IHM_BEGIN.str1.1
                0x08003528      0x1fd Src\ihm.o
 .rodata.IHM_MAIN.str1.1
                0x08003725       0xc4 Src\ihm.o
 .rodata.lcd_avancement.str1.1
                0x080037e9      0x244 Src\lcd.o
                                0x2cb (size before relaxing)
 .rodata.lcd_ihm.str1.1
                0x08003a2d        0x7 Src\lcd.o
 .rodata.main.str1.1
                0x08003a34       0xb5 Src\main.o
 .rodata.AHBPrescTable
                0x08003ae9       0x10 Src\system_stm32f0xx.o
                0x08003ae9                AHBPrescTable
 .rodata.APBPrescTable
                0x08003af9        0x8 Src\system_stm32f0xx.o
                0x08003af9                APBPrescTable
 .rodata._svfprintf_r.str1.1
                0x08003b01       0x11 c:/program files (x86)/atollic/truestudio for stm32 9.3.0/armtools/bin/../lib/gcc/arm-atollic-eabi/6.3.1/../../../../arm-atollic-eabi/lib/armv6-m\libc_nano.a(lib_a-nano-svfprintf.o)
 .rodata._printf_i.str1.1
                0x08003b12       0x22 c:/program files (x86)/atollic/truestudio for stm32 9.3.0/armtools/bin/../lib/gcc/arm-atollic-eabi/6.3.1/../../../../arm-atollic-eabi/lib/armv6-m\libc_nano.a(lib_a-nano-vfprintf_i.o)
                0x08003b34                . = ALIGN (0x4)

.rel.dyn        0x08003b34        0x0
 .rel.iplt      0x08003b34        0x0 c:/program files (x86)/atollic/truestudio for stm32 9.3.0/armtools/bin/../lib/gcc/arm-atollic-eabi/6.3.1/armv6-m/crtbegin.o

.ARM.extab
 *(.ARM.extab* .gnu.linkonce.armextab.*)

.ARM            0x08003b34        0x0
                0x08003b34                __exidx_start = .
 *(.ARM.exidx*)
                0x08003b34                __exidx_end = .

.preinit_array  0x08003b34        0x0
                0x08003b34                PROVIDE (__preinit_array_start, .)
 *(.preinit_array*)
                0x08003b34                PROVIDE (__preinit_array_end, .)

.init_array     0x08003b34        0x4
                0x08003b34                PROVIDE (__init_array_start, .)
 *(SORT(.init_array.*))
 *(.init_array*)
 .init_array    0x08003b34        0x4 c:/program files (x86)/atollic/truestudio for stm32 9.3.0/armtools/bin/../lib/gcc/arm-atollic-eabi/6.3.1/armv6-m/crtbegin.o
                0x08003b38                PROVIDE (__init_array_end, .)

.fini_array     0x08003b38        0x4
                [!provide]                PROVIDE (__fini_array_start, .)
 *(SORT(.fini_array.*))
 *(.fini_array*)
 .fini_array    0x08003b38        0x4 c:/program files (x86)/atollic/truestudio for stm32 9.3.0/armtools/bin/../lib/gcc/arm-atollic-eabi/6.3.1/armv6-m/crtbegin.o
                [!provide]                PROVIDE (__fini_array_end, .)
                0x08003b3c                _sidata = LOADADDR (.data)

.data           0x20000000       0x78 load address 0x08003b3c
                0x20000000                . = ALIGN (0x4)
                0x20000000                _sdata = .
 *(.data)
 *(.data*)
 .data.uwTickFreq
                0x20000000        0x1 Drivers\STM32F0xx_HAL_Driver\Src\stm32f0xx_hal.o
                0x20000000                uwTickFreq
 *fill*         0x20000001        0x3 
 .data.uwTickPrio
                0x20000004        0x4 Drivers\STM32F0xx_HAL_Driver\Src\stm32f0xx_hal.o
                0x20000004                uwTickPrio
 .data.IHM_USER_STATUS
                0x20000008        0x4 Src\main.o
                0x20000008                IHM_USER_STATUS
 .data.NB_Photo
                0x2000000c        0x4 Src\main.o
                0x2000000c                NB_Photo
 .data.SystemCoreClock
                0x20000010        0x4 Src\system_stm32f0xx.o
                0x20000010                SystemCoreClock
 .data._impure_ptr
                0x20000014        0x4 c:/program files (x86)/atollic/truestudio for stm32 9.3.0/armtools/bin/../lib/gcc/arm-atollic-eabi/6.3.1/../../../../arm-atollic-eabi/lib/armv6-m\libc_nano.a(lib_a-impure.o)
                0x20000014                _impure_ptr
 .data.impure_data
                0x20000018       0x60 c:/program files (x86)/atollic/truestudio for stm32 9.3.0/armtools/bin/../lib/gcc/arm-atollic-eabi/6.3.1/../../../../arm-atollic-eabi/lib/armv6-m\libc_nano.a(lib_a-impure.o)
                0x20000078                . = ALIGN (0x4)
                0x20000078                _edata = .

.igot.plt       0x20000078        0x0 load address 0x08003bb4
 .igot.plt      0x20000078        0x0 c:/program files (x86)/atollic/truestudio for stm32 9.3.0/armtools/bin/../lib/gcc/arm-atollic-eabi/6.3.1/armv6-m/crtbegin.o
                0x20000078                . = ALIGN (0x4)

.bss            0x20000078      0x240 load address 0x08003bb4
                0x20000078                _sbss = .
                0x20000078                __bss_start__ = _sbss
 *(.bss)
 .bss           0x20000078       0x1c c:/program files (x86)/atollic/truestudio for stm32 9.3.0/armtools/bin/../lib/gcc/arm-atollic-eabi/6.3.1/armv6-m/crtbegin.o
 *(.bss*)
 .bss.lcdData.7699
                0x20000094        0x3 Src\lcd.o
 *fill*         0x20000097        0x1 
 .bss.__malloc_free_list
                0x20000098        0x4 c:/program files (x86)/atollic/truestudio for stm32 9.3.0/armtools/bin/../lib/gcc/arm-atollic-eabi/6.3.1/../../../../arm-atollic-eabi/lib/armv6-m\libc_nano.a(lib_a-nano-mallocr.o)
                0x20000098                __malloc_free_list
 .bss.__malloc_sbrk_start
                0x2000009c        0x4 c:/program files (x86)/atollic/truestudio for stm32 9.3.0/armtools/bin/../lib/gcc/arm-atollic-eabi/6.3.1/../../../../arm-atollic-eabi/lib/armv6-m\libc_nano.a(lib_a-nano-mallocr.o)
                0x2000009c                __malloc_sbrk_start
 .bss.heap_end.4116
                0x200000a0        0x4 c:/program files (x86)/atollic/truestudio for stm32 9.3.0/armtools/bin/../lib/gcc/arm-atollic-eabi/6.3.1/../../../../arm-atollic-eabi/lib/armv6-m\libnosys.a(sbrk.o)
 *(COMMON)
 COMMON         0x200000a4        0x4 Drivers\STM32F0xx_HAL_Driver\Src\stm32f0xx_hal.o
                0x200000a4                uwTick
 COMMON         0x200000a8       0x4c Src\i2c.o
                0x200000a8                hi2c1
 COMMON         0x200000f4      0x100 Src\main.o
                0x200000f4                Data_out
 COMMON         0x200001f4       0x40 Src\tim.o
                0x200001f4                htim3
 COMMON         0x20000234       0x80 Src\usart.o
                0x20000234                huart1
 COMMON         0x200002b4        0x4 c:/program files (x86)/atollic/truestudio for stm32 9.3.0/armtools/bin/../lib/gcc/arm-atollic-eabi/6.3.1/../../../../arm-atollic-eabi/lib/armv6-m\libc_nano.a(lib_a-reent.o)
                0x200002b4                errno
                0x200002b8                . = ALIGN (0x4)
                0x200002b8                _ebss = .
                0x200002b8                __bss_end__ = _ebss

._user_heap_stack
                0x200002b8      0x600 load address 0x08003bb4
                0x200002b8                . = ALIGN (0x4)
                0x200002b8                PROVIDE (end, .)
                [!provide]                PROVIDE (_end, .)
                0x200004b8                . = (. + _Min_Heap_Size)
 *fill*         0x200002b8      0x200 
                0x200008b8                . = (. + _Min_Stack_Size)
 *fill*         0x200004b8      0x400 
                0x200008b8                . = ALIGN (0x4)

/DISCARD/
 libc.a(*)
 libm.a(*)
 libgcc.a(*)

.ARM.attributes
                0x00000000       0x28
 *(.ARM.attributes)
 .ARM.attributes
                0x00000000       0x1e c:/program files (x86)/atollic/truestudio for stm32 9.3.0/armtools/bin/../lib/gcc/arm-atollic-eabi/6.3.1/armv6-m/crti.o
 .ARM.attributes
                0x0000001e       0x2c c:/program files (x86)/atollic/truestudio for stm32 9.3.0/armtools/bin/../lib/gcc/arm-atollic-eabi/6.3.1/armv6-m/crtbegin.o
 .ARM.attributes
                0x0000004a       0x31 Drivers\STM32F0xx_HAL_Driver\Src\stm32f0xx_hal.o
 .ARM.attributes
                0x0000007b       0x31 Drivers\STM32F0xx_HAL_Driver\Src\stm32f0xx_hal_cortex.o
 .ARM.attributes
                0x000000ac       0x31 Drivers\STM32F0xx_HAL_Driver\Src\stm32f0xx_hal_gpio.o
 .ARM.attributes
                0x000000dd       0x31 Drivers\STM32F0xx_HAL_Driver\Src\stm32f0xx_hal_i2c.o
 .ARM.attributes
                0x0000010e       0x31 Drivers\STM32F0xx_HAL_Driver\Src\stm32f0xx_hal_i2c_ex.o
 .ARM.attributes
                0x0000013f       0x31 Drivers\STM32F0xx_HAL_Driver\Src\stm32f0xx_hal_rcc.o
 .ARM.attributes
                0x00000170       0x31 Drivers\STM32F0xx_HAL_Driver\Src\stm32f0xx_hal_rcc_ex.o
 .ARM.attributes
                0x000001a1       0x31 Drivers\STM32F0xx_HAL_Driver\Src\stm32f0xx_hal_tim.o
 .ARM.attributes
                0x000001d2       0x31 Drivers\STM32F0xx_HAL_Driver\Src\stm32f0xx_hal_tim_ex.o
 .ARM.attributes
                0x00000203       0x31 Drivers\STM32F0xx_HAL_Driver\Src\stm32f0xx_hal_uart.o
 .ARM.attributes
                0x00000234       0x31 Src\gpio.o
 .ARM.attributes
                0x00000265       0x31 Src\i2c.o
 .ARM.attributes
                0x00000296       0x31 Src\ihm.o
 .ARM.attributes
                0x000002c7       0x31 Src\lcd.o
 .ARM.attributes
                0x000002f8       0x31 Src\main.o
 .ARM.attributes
                0x00000329       0x31 Src\motor.o
 .ARM.attributes
                0x0000035a       0x31 Src\photo.o
 .ARM.attributes
                0x0000038b       0x31 Src\stm32f0xx_hal_msp.o
 .ARM.attributes
                0x000003bc       0x31 Src\stm32f0xx_it.o
 .ARM.attributes
                0x000003ed       0x31 Src\system_stm32f0xx.o
 .ARM.attributes
                0x0000041e       0x31 Src\tim.o
 .ARM.attributes
                0x0000044f       0x31 Src\timer.o
 .ARM.attributes
                0x00000480       0x31 Src\usart.o
 .ARM.attributes
                0x000004b1       0x21 startup\startup_stm32f031x6.o
 .ARM.attributes
                0x000004d2       0x2c c:/program files (x86)/atollic/truestudio for stm32 9.3.0/armtools/bin/../lib/gcc/arm-atollic-eabi/6.3.1/../../../../arm-atollic-eabi/lib/armv6-m\libc_nano.a(lib_a-init.o)
 .ARM.attributes
                0x000004fe       0x2c c:/program files (x86)/atollic/truestudio for stm32 9.3.0/armtools/bin/../lib/gcc/arm-atollic-eabi/6.3.1/../../../../arm-atollic-eabi/lib/armv6-m\libc_nano.a(lib_a-memcpy-stub.o)
 .ARM.attributes
                0x0000052a       0x2c c:/program files (x86)/atollic/truestudio for stm32 9.3.0/armtools/bin/../lib/gcc/arm-atollic-eabi/6.3.1/../../../../arm-atollic-eabi/lib/armv6-m\libc_nano.a(lib_a-memset.o)
 .ARM.attributes
                0x00000556       0x2c c:/program files (x86)/atollic/truestudio for stm32 9.3.0/armtools/bin/../lib/gcc/arm-atollic-eabi/6.3.1/../../../../arm-atollic-eabi/lib/armv6-m\libc_nano.a(lib_a-sprintf.o)
 .ARM.attributes
                0x00000582       0x2c c:/program files (x86)/atollic/truestudio for stm32 9.3.0/armtools/bin/../lib/gcc/arm-atollic-eabi/6.3.1/../../../../arm-atollic-eabi/lib/armv6-m\libc_nano.a(lib_a-strcpy.o)
 .ARM.attributes
                0x000005ae       0x2c c:/program files (x86)/atollic/truestudio for stm32 9.3.0/armtools/bin/../lib/gcc/arm-atollic-eabi/6.3.1/../../../../arm-atollic-eabi/lib/armv6-m\libc_nano.a(lib_a-impure.o)
 .ARM.attributes
                0x000005da       0x2c c:/program files (x86)/atollic/truestudio for stm32 9.3.0/armtools/bin/../lib/gcc/arm-atollic-eabi/6.3.1/../../../../arm-atollic-eabi/lib/armv6-m\libc_nano.a(lib_a-nano-svfprintf.o)
 .ARM.attributes
                0x00000606       0x2c c:/program files (x86)/atollic/truestudio for stm32 9.3.0/armtools/bin/../lib/gcc/arm-atollic-eabi/6.3.1/../../../../arm-atollic-eabi/lib/armv6-m\libc_nano.a(lib_a-nano-vfprintf_i.o)
 .ARM.attributes
                0x00000632       0x2c c:/program files (x86)/atollic/truestudio for stm32 9.3.0/armtools/bin/../lib/gcc/arm-atollic-eabi/6.3.1/../../../../arm-atollic-eabi/lib/armv6-m\libc_nano.a(lib_a-memchr-stub.o)
 .ARM.attributes
                0x0000065e       0x2c c:/program files (x86)/atollic/truestudio for stm32 9.3.0/armtools/bin/../lib/gcc/arm-atollic-eabi/6.3.1/../../../../arm-atollic-eabi/lib/armv6-m\libc_nano.a(lib_a-memmove.o)
 .ARM.attributes
                0x0000068a       0x2c c:/program files (x86)/atollic/truestudio for stm32 9.3.0/armtools/bin/../lib/gcc/arm-atollic-eabi/6.3.1/../../../../arm-atollic-eabi/lib/armv6-m\libc_nano.a(lib_a-nano-freer.o)
 .ARM.attributes
                0x000006b6       0x2c c:/program files (x86)/atollic/truestudio for stm32 9.3.0/armtools/bin/../lib/gcc/arm-atollic-eabi/6.3.1/../../../../arm-atollic-eabi/lib/armv6-m\libc_nano.a(lib_a-nano-mallocr.o)
 .ARM.attributes
                0x000006e2       0x2c c:/program files (x86)/atollic/truestudio for stm32 9.3.0/armtools/bin/../lib/gcc/arm-atollic-eabi/6.3.1/../../../../arm-atollic-eabi/lib/armv6-m\libc_nano.a(lib_a-nano-reallocr.o)
 .ARM.attributes
                0x0000070e       0x2c c:/program files (x86)/atollic/truestudio for stm32 9.3.0/armtools/bin/../lib/gcc/arm-atollic-eabi/6.3.1/../../../../arm-atollic-eabi/lib/armv6-m\libc_nano.a(lib_a-sbrkr.o)
 .ARM.attributes
                0x0000073a       0x2c c:/program files (x86)/atollic/truestudio for stm32 9.3.0/armtools/bin/../lib/gcc/arm-atollic-eabi/6.3.1/../../../../arm-atollic-eabi/lib/armv6-m\libc_nano.a(lib_a-mlock.o)
 .ARM.attributes
                0x00000766       0x2c c:/program files (x86)/atollic/truestudio for stm32 9.3.0/armtools/bin/../lib/gcc/arm-atollic-eabi/6.3.1/../../../../arm-atollic-eabi/lib/armv6-m\libc_nano.a(lib_a-nano-msizer.o)
 .ARM.attributes
                0x00000792       0x2c c:/program files (x86)/atollic/truestudio for stm32 9.3.0/armtools/bin/../lib/gcc/arm-atollic-eabi/6.3.1/../../../../arm-atollic-eabi/lib/armv6-m\libc_nano.a(lib_a-reent.o)
 .ARM.attributes
                0x000007be       0x1e c:/program files (x86)/atollic/truestudio for stm32 9.3.0/armtools/bin/../lib/gcc/arm-atollic-eabi/6.3.1/armv6-m\libgcc.a(_thumb1_case_uqi.o)
 .ARM.attributes
                0x000007dc       0x1e c:/program files (x86)/atollic/truestudio for stm32 9.3.0/armtools/bin/../lib/gcc/arm-atollic-eabi/6.3.1/armv6-m\libgcc.a(_udivsi3.o)
 .ARM.attributes
                0x000007fa       0x1e c:/program files (x86)/atollic/truestudio for stm32 9.3.0/armtools/bin/../lib/gcc/arm-atollic-eabi/6.3.1/armv6-m\libgcc.a(_divsi3.o)
 .ARM.attributes
                0x00000818       0x1e c:/program files (x86)/atollic/truestudio for stm32 9.3.0/armtools/bin/../lib/gcc/arm-atollic-eabi/6.3.1/armv6-m\libgcc.a(_dvmd_tls.o)
 .ARM.attributes
                0x00000836       0x2c c:/program files (x86)/atollic/truestudio for stm32 9.3.0/armtools/bin/../lib/gcc/arm-atollic-eabi/6.3.1/../../../../arm-atollic-eabi/lib/armv6-m\libnosys.a(sbrk.o)
 .ARM.attributes
                0x00000862       0x1e c:/program files (x86)/atollic/truestudio for stm32 9.3.0/armtools/bin/../lib/gcc/arm-atollic-eabi/6.3.1/armv6-m/crtn.o
OUTPUT(PHOTO360.elf elf32-littlearm)

.debug_info     0x00000000    0x1747a
 .debug_info    0x00000000      0x722 Drivers\STM32F0xx_HAL_Driver\Src\stm32f0xx_hal.o
 .debug_info    0x00000722      0x839 Drivers\STM32F0xx_HAL_Driver\Src\stm32f0xx_hal_cortex.o
 .debug_info    0x00000f5b      0x66c Drivers\STM32F0xx_HAL_Driver\Src\stm32f0xx_hal_gpio.o
 .debug_info    0x000015c7     0x387c Drivers\STM32F0xx_HAL_Driver\Src\stm32f0xx_hal_i2c.o
 .debug_info    0x00004e43      0x8b6 Drivers\STM32F0xx_HAL_Driver\Src\stm32f0xx_hal_i2c_ex.o
 .debug_info    0x000056f9      0xa14 Drivers\STM32F0xx_HAL_Driver\Src\stm32f0xx_hal_rcc.o
 .debug_info    0x0000610d      0x42f Drivers\STM32F0xx_HAL_Driver\Src\stm32f0xx_hal_rcc_ex.o
 .debug_info    0x0000653c     0x361d Drivers\STM32F0xx_HAL_Driver\Src\stm32f0xx_hal_tim.o
 .debug_info    0x00009b59     0x12aa Drivers\STM32F0xx_HAL_Driver\Src\stm32f0xx_hal_tim_ex.o
 .debug_info    0x0000ae03     0x1b78 Drivers\STM32F0xx_HAL_Driver\Src\stm32f0xx_hal_uart.o
 .debug_info    0x0000c97b      0x452 Src\gpio.o
 .debug_info    0x0000cdcd      0x9bf Src\i2c.o
 .debug_info    0x0000d78c     0x1770 Src\ihm.o
 .debug_info    0x0000eefc     0x1b58 Src\lcd.o
 .debug_info    0x00010a54     0x1b78 Src\main.o
 .debug_info    0x000125cc      0x6a7 Src\motor.o
 .debug_info    0x00012c73      0xe3b Src\photo.o
 .debug_info    0x00013aae      0x258 Src\stm32f0xx_hal_msp.o
 .debug_info    0x00013d06     0x11ce Src\stm32f0xx_it.o
 .debug_info    0x00014ed4      0x2a4 Src\system_stm32f0xx.o
 .debug_info    0x00015178      0x9b6 Src\tim.o
 .debug_info    0x00015b2e      0x602 Src\timer.o
 .debug_info    0x00016130     0x12bf Src\usart.o
 .debug_info    0x000173ef       0x8b startup\startup_stm32f031x6.o

.debug_abbrev   0x00000000     0x30d9
 .debug_abbrev  0x00000000      0x264 Drivers\STM32F0xx_HAL_Driver\Src\stm32f0xx_hal.o
 .debug_abbrev  0x00000264      0x269 Drivers\STM32F0xx_HAL_Driver\Src\stm32f0xx_hal_cortex.o
 .debug_abbrev  0x000004cd      0x1e6 Drivers\STM32F0xx_HAL_Driver\Src\stm32f0xx_hal_gpio.o
 .debug_abbrev  0x000006b3      0x334 Drivers\STM32F0xx_HAL_Driver\Src\stm32f0xx_hal_i2c.o
 .debug_abbrev  0x000009e7      0x1d0 Drivers\STM32F0xx_HAL_Driver\Src\stm32f0xx_hal_i2c_ex.o
 .debug_abbrev  0x00000bb7      0x286 Drivers\STM32F0xx_HAL_Driver\Src\stm32f0xx_hal_rcc.o
 .debug_abbrev  0x00000e3d      0x1b5 Drivers\STM32F0xx_HAL_Driver\Src\stm32f0xx_hal_rcc_ex.o
 .debug_abbrev  0x00000ff2      0x343 Drivers\STM32F0xx_HAL_Driver\Src\stm32f0xx_hal_tim.o
 .debug_abbrev  0x00001335      0x2ab Drivers\STM32F0xx_HAL_Driver\Src\stm32f0xx_hal_tim_ex.o
 .debug_abbrev  0x000015e0      0x321 Drivers\STM32F0xx_HAL_Driver\Src\stm32f0xx_hal_uart.o
 .debug_abbrev  0x00001901      0x179 Src\gpio.o
 .debug_abbrev  0x00001a7a      0x1e5 Src\i2c.o
 .debug_abbrev  0x00001c5f      0x221 Src\ihm.o
 .debug_abbrev  0x00001e80      0x2a0 Src\lcd.o
 .debug_abbrev  0x00002120      0x294 Src\main.o
 .debug_abbrev  0x000023b4      0x138 Src\motor.o
 .debug_abbrev  0x000024ec      0x211 Src\photo.o
 .debug_abbrev  0x000026fd      0x100 Src\stm32f0xx_hal_msp.o
 .debug_abbrev  0x000027fd      0x22a Src\stm32f0xx_it.o
 .debug_abbrev  0x00002a27      0x126 Src\system_stm32f0xx.o
 .debug_abbrev  0x00002b4d      0x1e7 Src\tim.o
 .debug_abbrev  0x00002d34      0x159 Src\timer.o
 .debug_abbrev  0x00002e8d      0x23a Src\usart.o
 .debug_abbrev  0x000030c7       0x12 startup\startup_stm32f031x6.o

.debug_loc      0x00000000     0xb1d7
 .debug_loc     0x00000000       0xef Drivers\STM32F0xx_HAL_Driver\Src\stm32f0xx_hal.o
 .debug_loc     0x000000ef      0x3b6 Drivers\STM32F0xx_HAL_Driver\Src\stm32f0xx_hal_cortex.o
 .debug_loc     0x000004a5      0x302 Drivers\STM32F0xx_HAL_Driver\Src\stm32f0xx_hal_gpio.o
 .debug_loc     0x000007a7     0x3a65 Drivers\STM32F0xx_HAL_Driver\Src\stm32f0xx_hal_i2c.o
 .debug_loc     0x0000420c      0x1bc Drivers\STM32F0xx_HAL_Driver\Src\stm32f0xx_hal_i2c_ex.o
 .debug_loc     0x000043c8      0x48b Drivers\STM32F0xx_HAL_Driver\Src\stm32f0xx_hal_rcc.o
 .debug_loc     0x00004853      0x26f Drivers\STM32F0xx_HAL_Driver\Src\stm32f0xx_hal_rcc_ex.o
 .debug_loc     0x00004ac2     0x3b9e Drivers\STM32F0xx_HAL_Driver\Src\stm32f0xx_hal_tim.o
 .debug_loc     0x00008660      0xbfa Drivers\STM32F0xx_HAL_Driver\Src\stm32f0xx_hal_tim_ex.o
 .debug_loc     0x0000925a     0x1497 Drivers\STM32F0xx_HAL_Driver\Src\stm32f0xx_hal_uart.o
 .debug_loc     0x0000a6f1       0x4d Src\i2c.o
 .debug_loc     0x0000a73e      0x24f Src\ihm.o
 .debug_loc     0x0000a98d      0x2cb Src\lcd.o
 .debug_loc     0x0000ac58       0x54 Src\main.o
 .debug_loc     0x0000acac      0x19d Src\motor.o
 .debug_loc     0x0000ae49      0x1d8 Src\photo.o
 .debug_loc     0x0000b021      0x127 Src\system_stm32f0xx.o
 .debug_loc     0x0000b148       0x42 Src\tim.o
 .debug_loc     0x0000b18a       0x4d Src\usart.o

.debug_aranges  0x00000000      0xc70
 .debug_aranges
                0x00000000       0xc8 Drivers\STM32F0xx_HAL_Driver\Src\stm32f0xx_hal.o
 .debug_aranges
                0x000000c8       0x78 Drivers\STM32F0xx_HAL_Driver\Src\stm32f0xx_hal_cortex.o
 .debug_aranges
                0x00000140       0x58 Drivers\STM32F0xx_HAL_Driver\Src\stm32f0xx_hal_gpio.o
 .debug_aranges
                0x00000198      0x238 Drivers\STM32F0xx_HAL_Driver\Src\stm32f0xx_hal_i2c.o
 .debug_aranges
                0x000003d0       0x48 Drivers\STM32F0xx_HAL_Driver\Src\stm32f0xx_hal_i2c_ex.o
 .debug_aranges
                0x00000418       0x80 Drivers\STM32F0xx_HAL_Driver\Src\stm32f0xx_hal_rcc.o
 .debug_aranges
                0x00000498       0x30 Drivers\STM32F0xx_HAL_Driver\Src\stm32f0xx_hal_rcc_ex.o
 .debug_aranges
                0x000004c8      0x288 Drivers\STM32F0xx_HAL_Driver\Src\stm32f0xx_hal_tim.o
 .debug_aranges
                0x00000750       0xf8 Drivers\STM32F0xx_HAL_Driver\Src\stm32f0xx_hal_tim_ex.o
 .debug_aranges
                0x00000848      0x1b8 Drivers\STM32F0xx_HAL_Driver\Src\stm32f0xx_hal_uart.o
 .debug_aranges
                0x00000a00       0x20 Src\gpio.o
 .debug_aranges
                0x00000a20       0x30 Src\i2c.o
 .debug_aranges
                0x00000a50       0x28 Src\ihm.o
 .debug_aranges
                0x00000a78       0x58 Src\lcd.o
 .debug_aranges
                0x00000ad0       0x30 Src\main.o
 .debug_aranges
                0x00000b00       0x20 Src\motor.o
 .debug_aranges
                0x00000b20       0x28 Src\photo.o
 .debug_aranges
                0x00000b48       0x20 Src\stm32f0xx_hal_msp.o
 .debug_aranges
                0x00000b68       0x38 Src\stm32f0xx_it.o
 .debug_aranges
                0x00000ba0       0x28 Src\system_stm32f0xx.o
 .debug_aranges
                0x00000bc8       0x30 Src\tim.o
 .debug_aranges
                0x00000bf8       0x20 Src\timer.o
 .debug_aranges
                0x00000c18       0x30 Src\usart.o
 .debug_aranges
                0x00000c48       0x28 startup\startup_stm32f031x6.o

.debug_ranges   0x00000000     0x1028
 .debug_ranges  0x00000000       0xb8 Drivers\STM32F0xx_HAL_Driver\Src\stm32f0xx_hal.o
 .debug_ranges  0x000000b8       0xb8 Drivers\STM32F0xx_HAL_Driver\Src\stm32f0xx_hal_cortex.o
 .debug_ranges  0x00000170       0x70 Drivers\STM32F0xx_HAL_Driver\Src\stm32f0xx_hal_gpio.o
 .debug_ranges  0x000001e0      0x288 Drivers\STM32F0xx_HAL_Driver\Src\stm32f0xx_hal_i2c.o
 .debug_ranges  0x00000468       0x78 Drivers\STM32F0xx_HAL_Driver\Src\stm32f0xx_hal_i2c_ex.o
 .debug_ranges  0x000004e0       0xa0 Drivers\STM32F0xx_HAL_Driver\Src\stm32f0xx_hal_rcc.o
 .debug_ranges  0x00000580       0x40 Drivers\STM32F0xx_HAL_Driver\Src\stm32f0xx_hal_rcc_ex.o
 .debug_ranges  0x000005c0      0x478 Drivers\STM32F0xx_HAL_Driver\Src\stm32f0xx_hal_tim.o
 .debug_ranges  0x00000a38       0xe8 Drivers\STM32F0xx_HAL_Driver\Src\stm32f0xx_hal_tim_ex.o
 .debug_ranges  0x00000b20      0x1a8 Drivers\STM32F0xx_HAL_Driver\Src\stm32f0xx_hal_uart.o
 .debug_ranges  0x00000cc8       0xa0 Src\gpio.o
 .debug_ranges  0x00000d68       0x40 Src\i2c.o
 .debug_ranges  0x00000da8       0x18 Src\ihm.o
 .debug_ranges  0x00000dc0       0x48 Src\lcd.o
 .debug_ranges  0x00000e08       0x20 Src\main.o
 .debug_ranges  0x00000e28       0x10 Src\motor.o
 .debug_ranges  0x00000e38       0x78 Src\photo.o
 .debug_ranges  0x00000eb0       0x58 Src\stm32f0xx_hal_msp.o
 .debug_ranges  0x00000f08       0x28 Src\stm32f0xx_it.o
 .debug_ranges  0x00000f30       0x18 Src\system_stm32f0xx.o
 .debug_ranges  0x00000f48       0x40 Src\tim.o
 .debug_ranges  0x00000f88       0x10 Src\timer.o
 .debug_ranges  0x00000f98       0x70 Src\usart.o
 .debug_ranges  0x00001008       0x20 startup\startup_stm32f031x6.o

.debug_line     0x00000000     0x80b6
 .debug_line    0x00000000      0x3ee Drivers\STM32F0xx_HAL_Driver\Src\stm32f0xx_hal.o
 .debug_line    0x000003ee      0x389 Drivers\STM32F0xx_HAL_Driver\Src\stm32f0xx_hal_cortex.o
 .debug_line    0x00000777      0x36e Drivers\STM32F0xx_HAL_Driver\Src\stm32f0xx_hal_gpio.o
 .debug_line    0x00000ae5     0x19f7 Drivers\STM32F0xx_HAL_Driver\Src\stm32f0xx_hal_i2c.o
 .debug_line    0x000024dc      0x37e Drivers\STM32F0xx_HAL_Driver\Src\stm32f0xx_hal_i2c_ex.o
 .debug_line    0x0000285a      0x5b0 Drivers\STM32F0xx_HAL_Driver\Src\stm32f0xx_hal_rcc.o
 .debug_line    0x00002e0a      0x31d Drivers\STM32F0xx_HAL_Driver\Src\stm32f0xx_hal_rcc_ex.o
 .debug_line    0x00003127     0x136f Drivers\STM32F0xx_HAL_Driver\Src\stm32f0xx_hal_tim.o
 .debug_line    0x00004496      0x74c Drivers\STM32F0xx_HAL_Driver\Src\stm32f0xx_hal_tim_ex.o
 .debug_line    0x00004be2      0xe6b Drivers\STM32F0xx_HAL_Driver\Src\stm32f0xx_hal_uart.o
 .debug_line    0x00005a4d      0x1ef Src\gpio.o
 .debug_line    0x00005c3c      0x299 Src\i2c.o
 .debug_line    0x00005ed5      0x377 Src\ihm.o
 .debug_line    0x0000624c      0x459 Src\lcd.o
 .debug_line    0x000066a5      0x48e Src\main.o
 .debug_line    0x00006b33      0x21a Src\motor.o
 .debug_line    0x00006d4d      0x3b0 Src\photo.o
 .debug_line    0x000070fd      0x1c4 Src\stm32f0xx_hal_msp.o
 .debug_line    0x000072c1      0x35c Src\stm32f0xx_it.o
 .debug_line    0x0000761d      0x1e4 Src\system_stm32f0xx.o
 .debug_line    0x00007801      0x28c Src\tim.o
 .debug_line    0x00007a8d      0x208 Src\timer.o
 .debug_line    0x00007c95      0x39f Src\usart.o
 .debug_line    0x00008034       0x82 startup\startup_stm32f031x6.o

.debug_str      0x00000000     0x42db
 .debug_str     0x00000000      0x660 Drivers\STM32F0xx_HAL_Driver\Src\stm32f0xx_hal.o
                                0x6bc (size before relaxing)
 .debug_str     0x00000660      0x295 Drivers\STM32F0xx_HAL_Driver\Src\stm32f0xx_hal_cortex.o
                                0x6a6 (size before relaxing)
 .debug_str     0x000008f5      0x1c7 Drivers\STM32F0xx_HAL_Driver\Src\stm32f0xx_hal_gpio.o
                                0x4d7 (size before relaxing)
 .debug_str     0x00000abc      0xcac Drivers\STM32F0xx_HAL_Driver\Src\stm32f0xx_hal_i2c.o
                               0x1000 (size before relaxing)
 .debug_str     0x00001768       0xf3 Drivers\STM32F0xx_HAL_Driver\Src\stm32f0xx_hal_i2c_ex.o
                                0x8a6 (size before relaxing)
 .debug_str     0x0000185b      0x312 Drivers\STM32F0xx_HAL_Driver\Src\stm32f0xx_hal_rcc.o
                                0x6e8 (size before relaxing)
 .debug_str     0x00001b6d      0x127 Drivers\STM32F0xx_HAL_Driver\Src\stm32f0xx_hal_rcc_ex.o
                                0x47d (size before relaxing)
 .debug_str     0x00001c94     0x104b Drivers\STM32F0xx_HAL_Driver\Src\stm32f0xx_hal_tim.o
                               0x1554 (size before relaxing)
 .debug_str     0x00002cdf      0x548 Drivers\STM32F0xx_HAL_Driver\Src\stm32f0xx_hal_tim_ex.o
                                0xd20 (size before relaxing)
 .debug_str     0x00003227      0x8f9 Drivers\STM32F0xx_HAL_Driver\Src\stm32f0xx_hal_uart.o
                                0xeb8 (size before relaxing)
 .debug_str     0x00003b20       0x32 Src\gpio.o
                                0x38f (size before relaxing)
 .debug_str     0x00003b52       0x38 Src\i2c.o
                                0x89d (size before relaxing)
 .debug_str     0x00003b8a      0x459 Src\ihm.o
                                0xaf8 (size before relaxing)
 .debug_str     0x00003fe3       0xf3 Src\lcd.o
                                0xeb0 (size before relaxing)
 .debug_str     0x000040d6       0x89 Src\main.o
                               0x13ca (size before relaxing)
 .debug_str     0x0000415f       0x15 Src\motor.o
                                0x2f6 (size before relaxing)
 .debug_str     0x00004174       0x18 Src\photo.o
                                0x72f (size before relaxing)
 .debug_str     0x0000418c       0x1b Src\stm32f0xx_hal_msp.o
                                0x2d7 (size before relaxing)
 .debug_str     0x000041a7       0x95 Src\stm32f0xx_it.o
                                0xcf8 (size before relaxing)
 .debug_str     0x0000423c       0x5a Src\system_stm32f0xx.o
                                0x303 (size before relaxing)
 .debug_str     0x00004296       0x1c Src\tim.o
                                0x98e (size before relaxing)
 .debug_str     0x000042b2        0xf Src\timer.o
                                0x63a (size before relaxing)
 .debug_str     0x000042c1       0x1a Src\usart.o
                                0xd79 (size before relaxing)

.comment        0x00000000       0x7c
 .comment       0x00000000       0x7c Drivers\STM32F0xx_HAL_Driver\Src\stm32f0xx_hal.o
                                 0x7d (size before relaxing)
 .comment       0x0000007c       0x7d Drivers\STM32F0xx_HAL_Driver\Src\stm32f0xx_hal_cortex.o
 .comment       0x0000007c       0x7d Drivers\STM32F0xx_HAL_Driver\Src\stm32f0xx_hal_gpio.o
 .comment       0x0000007c       0x7d Drivers\STM32F0xx_HAL_Driver\Src\stm32f0xx_hal_i2c.o
 .comment       0x0000007c       0x7d Drivers\STM32F0xx_HAL_Driver\Src\stm32f0xx_hal_i2c_ex.o
 .comment       0x0000007c       0x7d Drivers\STM32F0xx_HAL_Driver\Src\stm32f0xx_hal_rcc.o
 .comment       0x0000007c       0x7d Drivers\STM32F0xx_HAL_Driver\Src\stm32f0xx_hal_rcc_ex.o
 .comment       0x0000007c       0x7d Drivers\STM32F0xx_HAL_Driver\Src\stm32f0xx_hal_tim.o
 .comment       0x0000007c       0x7d Drivers\STM32F0xx_HAL_Driver\Src\stm32f0xx_hal_tim_ex.o
 .comment       0x0000007c       0x7d Drivers\STM32F0xx_HAL_Driver\Src\stm32f0xx_hal_uart.o
 .comment       0x0000007c       0x7d Src\gpio.o
 .comment       0x0000007c       0x7d Src\i2c.o
 .comment       0x0000007c       0x7d Src\ihm.o
 .comment       0x0000007c       0x7d Src\lcd.o
 .comment       0x0000007c       0x7d Src\main.o
 .comment       0x0000007c       0x7d Src\motor.o
 .comment       0x0000007c       0x7d Src\photo.o
 .comment       0x0000007c       0x7d Src\stm32f0xx_hal_msp.o
 .comment       0x0000007c       0x7d Src\stm32f0xx_it.o
 .comment       0x0000007c       0x7d Src\system_stm32f0xx.o
 .comment       0x0000007c       0x7d Src\tim.o
 .comment       0x0000007c       0x7d Src\timer.o
 .comment       0x0000007c       0x7d Src\usart.o

.debug_frame    0x00000000     0x29bc
 .debug_frame   0x00000000      0x1b4 Drivers\STM32F0xx_HAL_Driver\Src\stm32f0xx_hal.o
 .debug_frame   0x000001b4       0xe4 Drivers\STM32F0xx_HAL_Driver\Src\stm32f0xx_hal_cortex.o
 .debug_frame   0x00000298       0xbc Drivers\STM32F0xx_HAL_Driver\Src\stm32f0xx_hal_gpio.o
 .debug_frame   0x00000354      0x864 Drivers\STM32F0xx_HAL_Driver\Src\stm32f0xx_hal_i2c.o
 .debug_frame   0x00000bb8       0xc0 Drivers\STM32F0xx_HAL_Driver\Src\stm32f0xx_hal_i2c_ex.o
 .debug_frame   0x00000c78      0x144 Drivers\STM32F0xx_HAL_Driver\Src\stm32f0xx_hal_rcc.o
 .debug_frame   0x00000dbc       0x58 Drivers\STM32F0xx_HAL_Driver\Src\stm32f0xx_hal_rcc_ex.o
 .debug_frame   0x00000e14      0x9fc Drivers\STM32F0xx_HAL_Driver\Src\stm32f0xx_hal_tim.o
 .debug_frame   0x00001810      0x3b0 Drivers\STM32F0xx_HAL_Driver\Src\stm32f0xx_hal_tim_ex.o
 .debug_frame   0x00001bc0      0x5bc Drivers\STM32F0xx_HAL_Driver\Src\stm32f0xx_hal_uart.o
 .debug_frame   0x0000217c       0x30 Src\gpio.o
 .debug_frame   0x000021ac       0x5c Src\i2c.o
 .debug_frame   0x00002208       0x58 Src\ihm.o
 .debug_frame   0x00002260      0x110 Src\lcd.o
 .debug_frame   0x00002370       0x60 Src\main.o
 .debug_frame   0x000023d0       0x30 Src\motor.o
 .debug_frame   0x00002400       0x50 Src\photo.o
 .debug_frame   0x00002450       0x24 Src\stm32f0xx_hal_msp.o
 .debug_frame   0x00002474       0x90 Src\stm32f0xx_it.o
 .debug_frame   0x00002504       0x3c Src\system_stm32f0xx.o
 .debug_frame   0x00002540       0x60 Src\tim.o
 .debug_frame   0x000025a0       0x20 Src\timer.o
 .debug_frame   0x000025c0       0x5c Src\usart.o
 .debug_frame   0x0000261c       0x2c c:/program files (x86)/atollic/truestudio for stm32 9.3.0/armtools/bin/../lib/gcc/arm-atollic-eabi/6.3.1/../../../../arm-atollic-eabi/lib/armv6-m\libc_nano.a(lib_a-init.o)
 .debug_frame   0x00002648       0x28 c:/program files (x86)/atollic/truestudio for stm32 9.3.0/armtools/bin/../lib/gcc/arm-atollic-eabi/6.3.1/../../../../arm-atollic-eabi/lib/armv6-m\libc_nano.a(lib_a-memcpy-stub.o)
 .debug_frame   0x00002670       0x20 c:/program files (x86)/atollic/truestudio for stm32 9.3.0/armtools/bin/../lib/gcc/arm-atollic-eabi/6.3.1/../../../../arm-atollic-eabi/lib/armv6-m\libc_nano.a(lib_a-memset.o)
 .debug_frame   0x00002690       0x50 c:/program files (x86)/atollic/truestudio for stm32 9.3.0/armtools/bin/../lib/gcc/arm-atollic-eabi/6.3.1/../../../../arm-atollic-eabi/lib/armv6-m\libc_nano.a(lib_a-sprintf.o)
 .debug_frame   0x000026e0       0x20 c:/program files (x86)/atollic/truestudio for stm32 9.3.0/armtools/bin/../lib/gcc/arm-atollic-eabi/6.3.1/../../../../arm-atollic-eabi/lib/armv6-m\libc_nano.a(lib_a-strcpy.o)
 .debug_frame   0x00002700       0x74 c:/program files (x86)/atollic/truestudio for stm32 9.3.0/armtools/bin/../lib/gcc/arm-atollic-eabi/6.3.1/../../../../arm-atollic-eabi/lib/armv6-m\libc_nano.a(lib_a-nano-svfprintf.o)
 .debug_frame   0x00002774       0x54 c:/program files (x86)/atollic/truestudio for stm32 9.3.0/armtools/bin/../lib/gcc/arm-atollic-eabi/6.3.1/../../../../arm-atollic-eabi/lib/armv6-m\libc_nano.a(lib_a-nano-vfprintf_i.o)
 .debug_frame   0x000027c8       0x20 c:/program files (x86)/atollic/truestudio for stm32 9.3.0/armtools/bin/../lib/gcc/arm-atollic-eabi/6.3.1/../../../../arm-atollic-eabi/lib/armv6-m\libc_nano.a(lib_a-memchr-stub.o)
 .debug_frame   0x000027e8       0x28 c:/program files (x86)/atollic/truestudio for stm32 9.3.0/armtools/bin/../lib/gcc/arm-atollic-eabi/6.3.1/../../../../arm-atollic-eabi/lib/armv6-m\libc_nano.a(lib_a-memmove.o)
 .debug_frame   0x00002810       0x2c c:/program files (x86)/atollic/truestudio for stm32 9.3.0/armtools/bin/../lib/gcc/arm-atollic-eabi/6.3.1/../../../../arm-atollic-eabi/lib/armv6-m\libc_nano.a(lib_a-nano-freer.o)
 .debug_frame   0x0000283c       0x2c c:/program files (x86)/atollic/truestudio for stm32 9.3.0/armtools/bin/../lib/gcc/arm-atollic-eabi/6.3.1/../../../../arm-atollic-eabi/lib/armv6-m\libc_nano.a(lib_a-nano-mallocr.o)
 .debug_frame   0x00002868       0x30 c:/program files (x86)/atollic/truestudio for stm32 9.3.0/armtools/bin/../lib/gcc/arm-atollic-eabi/6.3.1/../../../../arm-atollic-eabi/lib/armv6-m\libc_nano.a(lib_a-nano-reallocr.o)
 .debug_frame   0x00002898       0x2c c:/program files (x86)/atollic/truestudio for stm32 9.3.0/armtools/bin/../lib/gcc/arm-atollic-eabi/6.3.1/../../../../arm-atollic-eabi/lib/armv6-m\libc_nano.a(lib_a-sbrkr.o)
 .debug_frame   0x000028c4       0x30 c:/program files (x86)/atollic/truestudio for stm32 9.3.0/armtools/bin/../lib/gcc/arm-atollic-eabi/6.3.1/../../../../arm-atollic-eabi/lib/armv6-m\libc_nano.a(lib_a-mlock.o)
 .debug_frame   0x000028f4       0x20 c:/program files (x86)/atollic/truestudio for stm32 9.3.0/armtools/bin/../lib/gcc/arm-atollic-eabi/6.3.1/../../../../arm-atollic-eabi/lib/armv6-m\libc_nano.a(lib_a-nano-msizer.o)
 .debug_frame   0x00002914       0x48 c:/program files (x86)/atollic/truestudio for stm32 9.3.0/armtools/bin/../lib/gcc/arm-atollic-eabi/6.3.1/../../../../arm-atollic-eabi/lib/armv6-m\libc_nano.a(lib_a-reent.o)
 .debug_frame   0x0000295c       0x20 c:/program files (x86)/atollic/truestudio for stm32 9.3.0/armtools/bin/../lib/gcc/arm-atollic-eabi/6.3.1/armv6-m\libgcc.a(_udivsi3.o)
 .debug_frame   0x0000297c       0x20 c:/program files (x86)/atollic/truestudio for stm32 9.3.0/armtools/bin/../lib/gcc/arm-atollic-eabi/6.3.1/armv6-m\libgcc.a(_divsi3.o)
 .debug_frame   0x0000299c       0x20 c:/program files (x86)/atollic/truestudio for stm32 9.3.0/armtools/bin/../lib/gcc/arm-atollic-eabi/6.3.1/../../../../arm-atollic-eabi/lib/armv6-m\libnosys.a(sbrk.o)
